version https://git-lfs.github.com/spec/v1
oid sha256:a3cf1840f7ccff5e14044a63295163002cd9e20a31eab73df8bceae8ddbc52c3
size 902
