version https://git-lfs.github.com/spec/v1
oid sha256:2f11e947f898ddcad20fc9733969d1e56b335322a32fed88b92cabbd95a908ca
size 675
